/
/boot/
/boot/grub2/
/boot/grub2/grub.cfg
/boot/grub2/grubenv
/chkconfig
/date
/df
/dmidecode
/etc/
/etc/alternatives/
/etc/alternatives/mta-pam
/etc/audit/
/etc/audit/auditd.conf
/etc/audit/audit.rules
/etc/cron.d/
/etc/cron.d/0hourly
/etc/cron.daily/
/etc/cron.daily/0yum-daily.cron
/etc/cron.daily/logrotate
/etc/cron.daily/man-db.cron
/etc/cron.daily/rhsmd
/etc/cron.deny
/etc/cron.d/raid-check
/etc/cron.hourly/
/etc/cron.hourly/0anacron
/etc/cron.hourly/0yum-hourly.cron
/etc/crontab
/etc/default/
/etc/default/grub
/etc/dnsmasq.conf
/etc/exports
/etc/fstab
/etc/grub2.cfg
/etc/grub.d/
/etc/grub.d/00_header
/etc/grub.d/00_tuned
/etc/grub.d/01_users
/etc/grub.d/10_linux
/etc/grub.d/20_linux_xen
/etc/grub.d/20_ppc_terminfo
/etc/grub.d/30_os-prober
/etc/grub.d/40_custom
/etc/grub.d/41_custom
/etc/grub.d/README
/etc/host.conf
/etc/hostname
/etc/hosts
/etc/hosts.allow
/etc/hosts.deny
/etc/inittab
/etc/iproute2/
/etc/iproute2/ematch_map
/etc/iproute2/group
/etc/iproute2/rt_dsfield
/etc/iproute2/rt_protos
/etc/iproute2/rt_realms
/etc/iproute2/rt_scopes
/etc/iproute2/rt_tables
/etc/ld.so.conf
/etc/ld.so.conf.d/*
/etc/localtime
/etc/lvm/
/etc/lvm/archive/
/etc/lvm/archive/VolGroup00_00000-293596273.vg
/etc/lvm/archive/VolGroup00_00001-977099527.vg
/etc/lvm/archive/VolGroup00_00002-1261018862.vg
/etc/lvm/archive/VolGroup00_00003-614287884.vg
/etc/lvm/archive/VolGroup00_00004-1390168347.vg
/etc/lvm/archive/VolGroup00_00005-416502033.vg
/etc/lvm/archive/VolGroup00_00006-657289272.vg
/etc/lvm/backup/
/etc/lvm/backup/VolGroup00
/etc/lvm/cache/
/etc/lvm/cache/.cache
/etc/lvm/lvm.conf
/etc/lvm/lvmlocal.conf
/etc/lvm/profile/
/etc/lvm/profile/cache-mq.profile
/etc/lvm/profile/cache-smq.profile
/etc/lvm/profile/command_profile_template.profile
/etc/lvm/profile/metadata_profile_template.profile
/etc/lvm/profile/thin-generic.profile
/etc/lvm/profile/thin-performance.profile
/etc/NetworkManager/
/etc/NetworkManager/NetworkManager.conf
/etc/networks
/etc/nsswitch.conf
/etc/os-release
/etc/pam.d/
/etc/pam.d/chfn
/etc/pam.d/chsh
/etc/pam.d/config-util
/etc/pam.d/crond
/etc/pam.d/fingerprint-auth
/etc/pam.d/fingerprint-auth-ac
/etc/pam.d/kcheckpass
/etc/pam.d/kscreensaver
/etc/pam.d/login
/etc/pam.d/other
/etc/pam.d/passwd
/etc/pam.d/password-auth
/etc/pam.d/password-auth-ac
/etc/pam.d/polkit-1
/etc/pam.d/postlogin
/etc/pam.d/postlogin-ac
/etc/pam.d/ppp
/etc/pam.d/remote
/etc/pam.d/rhn_register
/etc/pam.d/runuser
/etc/pam.d/runuser-l
/etc/pam.d/screen
/etc/pam.d/smartcard-auth
/etc/pam.d/smartcard-auth-ac
/etc/pam.d/smtp
/etc/pam.d/smtp.postfix
/etc/pam.d/sshd
/etc/pam.d/su
/etc/pam.d/subscription-manager
/etc/pam.d/sudo
/etc/pam.d/sudo-i
/etc/pam.d/su-l
/etc/pam.d/system-auth
/etc/pam.d/system-auth-ac
/etc/pam.d/systemd-user
/etc/pam.d/vlock
/etc/pki/
/etc/pki/product/
/etc/pki/product/69.pem
/etc/rc.d/
/etc/rc.d/init.d/
/etc/rc.d/init.d/functions
/etc/rc.d/init.d/netconsole
/etc/rc.d/init.d/network
/etc/rc.d/init.d/README
/etc/rc.d/init.d/rhnsd
/etc/rc.d/rc0.d/
/etc/rc.d/rc0.d/K03rhnsd
/etc/rc.d/rc0.d/K50netconsole
/etc/rc.d/rc0.d/K90network
/etc/rc.d/rc0.d/K99oatsd
/etc/rc.d/rc1.d/
/etc/rc.d/rc1.d/K03rhnsd
/etc/rc.d/rc1.d/K50netconsole
/etc/rc.d/rc1.d/K90network
/etc/rc.d/rc1.d/K99oatsd
/etc/rc.d/rc2.d/
/etc/rc.d/rc2.d/K50netconsole
/etc/rc.d/rc2.d/S10network
/etc/rc.d/rc2.d/S97rhnsd
/etc/rc.d/rc2.d/S99oatsd
/etc/rc.d/rc3.d/
/etc/rc.d/rc3.d/K50netconsole
/etc/rc.d/rc3.d/S10network
/etc/rc.d/rc3.d/S97rhnsd
/etc/rc.d/rc3.d/S99oatsd
/etc/rc.d/rc4.d/
/etc/rc.d/rc4.d/K50netconsole
/etc/rc.d/rc4.d/K99oatsd
/etc/rc.d/rc4.d/S10network
/etc/rc.d/rc4.d/S97rhnsd
/etc/rc.d/rc5.d/
/etc/rc.d/rc5.d/K50netconsole
/etc/rc.d/rc5.d/S10network
/etc/rc.d/rc5.d/S97rhnsd
/etc/rc.d/rc5.d/S99oatsd
/etc/rc.d/rc6.d/
/etc/rc.d/rc6.d/K03rhnsd
/etc/rc.d/rc6.d/K50netconsole
/etc/rc.d/rc6.d/K90network
/etc/rc.d/rc6.d/K99oatsd
/etc/rc.d/rc.local
/etc/redhat-release
/etc/resolv.conf
/etc/rhsm/
/etc/rhsm/ca/
/etc/rhsm/ca/redhat-uep.pem
/etc/rhsm/logging.conf
/etc/rhsm/rhsm.conf
/etc/rsyslog.conf
/etc/security/
/etc/security/access.conf
/etc/security/chroot.conf
/etc/security/console.apps/
/etc/security/console.apps/config-util
/etc/security/console.apps/rhn_register
/etc/security/console.apps/subscription-manager
/etc/security/console.handlers
/etc/security/console.perms
/etc/security/group.conf
/etc/security/limits.conf
/etc/security/limits.d/
/etc/security/limits.d/20-nproc.conf
/etc/security/namespace.conf
/etc/security/namespace.init
/etc/security/opasswd
/etc/security/pam_env.conf
/etc/security/pwquality.conf
/etc/security/sepermit.conf
/etc/security/time.conf
/etc/selinux/
/etc/selinux/config
/etc/selinux/semanage.conf
/etc/selinux/targeted/
/etc/selinux/targeted/booleans.subs_dist
/etc/selinux/targeted/contexts/
/etc/selinux/targeted/contexts/customizable_types
/etc/selinux/targeted/contexts/dbus_contexts
/etc/selinux/targeted/contexts/default_contexts
/etc/selinux/targeted/contexts/default_type
/etc/selinux/targeted/contexts/failsafe_context
/etc/selinux/targeted/contexts/files/
/etc/selinux/targeted/contexts/files/file_contexts
/etc/selinux/targeted/contexts/files/file_contexts.bin
/etc/selinux/targeted/contexts/files/file_contexts.homedirs
/etc/selinux/targeted/contexts/files/file_contexts.homedirs.bin
/etc/selinux/targeted/contexts/files/file_contexts.local
/etc/selinux/targeted/contexts/files/file_contexts.local.bin
/etc/selinux/targeted/contexts/files/file_contexts.subs
/etc/selinux/targeted/contexts/files/file_contexts.subs_dist
/etc/selinux/targeted/contexts/files/media
/etc/selinux/targeted/contexts/initrc_context
/etc/selinux/targeted/contexts/lxc_contexts
/etc/selinux/targeted/contexts/netfilter_contexts
/etc/selinux/targeted/contexts/removable_context
/etc/selinux/targeted/contexts/securetty_types
/etc/selinux/targeted/contexts/sepgsql_contexts
/etc/selinux/targeted/contexts/systemd_contexts
/etc/selinux/targeted/contexts/userhelper_context
/etc/selinux/targeted/contexts/users/
/etc/selinux/targeted/contexts/users/guest_u
/etc/selinux/targeted/contexts/users/root
/etc/selinux/targeted/contexts/users/staff_u
/etc/selinux/targeted/contexts/users/sysadm_u
/etc/selinux/targeted/contexts/users/unconfined_u
/etc/selinux/targeted/contexts/users/user_u
/etc/selinux/targeted/contexts/users/xguest_u
/etc/selinux/targeted/contexts/virtual_domain_context
/etc/selinux/targeted/contexts/virtual_image_context
/etc/selinux/targeted/contexts/x_contexts
/etc/selinux/targeted/modules/*
/etc/selinux/targeted/policy/
/etc/selinux/targeted/policy/policy.29
/etc/selinux/targeted/.policy.sha512
/etc/selinux/targeted/setrans.conf
/etc/selinux/targeted/seusers
/etc/sos.conf
/etc/ssh/
/etc/ssh/ssh_config
/etc/ssh/sshd_config
/etc/sysconfig/
/etc/sysconfig/authconfig
/etc/sysconfig/cbq/
/etc/sysconfig/cbq/avpkt
/etc/sysconfig/cbq/cbq-0000.example
/etc/sysconfig/cgred
/etc/sysconfig/cpupower
/etc/sysconfig/crond
/etc/sysconfig/ebtables-config
/etc/sysconfig/firewalld
/etc/sysconfig/grub
/etc/sysconfig/init
/etc/sysconfig/ip6tables-config
/etc/sysconfig/iptables-config
/etc/sysconfig/irqbalance
/etc/sysconfig/kdump
/etc/sysconfig/kernel
/etc/sysconfig/man-db
/etc/sysconfig/netconsole
/etc/sysconfig/network
/etc/sysconfig/network-scripts/*
/etc/sysconfig/nfs
/etc/sysconfig/oats.conf
/etc/sysconfig/raid-check
/etc/sysconfig/rdisc
/etc/sysconfig/readonly-root
/etc/sysconfig/rhn/
/etc/sysconfig/rhn/rhnsd
/etc/sysconfig/rhn/up2date
/etc/sysconfig/rpcbind
/etc/sysconfig/rsyncd
/etc/sysconfig/rsyslog
/etc/sysconfig/run-parts
/etc/sysconfig/samba
/etc/sysconfig/selinux
/etc/sysconfig/sshd
/etc/sysconfig/wpa_supplicant
/etc/sysctl.conf
/etc/sysctl.d/
/etc/sysctl.d/99-sysctl.conf
/etc/X11/
/etc/X11/xinit/
/etc/X11/xinit/Xclients
/etc/X11/xinit/xinitrc
/etc/X11/xinit/xinitrc-common
/etc/X11/xinit/xinitrc.d/
/etc/X11/xinit/xinitrc.d/00-start-message-bus.sh
/etc/X11/xinit/xinitrc.d/localuser.sh
/etc/X11/xinit/xinitrc.d/xdg-user-dirs.sh
/etc/X11/xinit/Xsession
/etc/X11/Xmodmap
/etc/X11/xorg.conf.d/
/etc/X11/xorg.conf.d/00-keyboard.conf
/etc/X11/Xresources
/etc/yum/
/etc/yum.conf
/etc/yum/pluginconf.d/
/etc/yum/pluginconf.d/product-id.conf
/etc/yum/pluginconf.d/rhnplugin.conf
/etc/yum/pluginconf.d/search-disabled-repos.conf
/etc/yum/pluginconf.d/subscription-manager.conf
/etc/yum/protected.d/
/etc/yum/protected.d/systemd.conf
/etc/yum.repos.d/
/etc/yum.repos.d/beaker-client.repo.disabled
/etc/yum.repos.d/beaker-harness.repo
/etc/yum.repos.d/beakerlib.repo.disabled
/etc/yum.repos.d/beaker.repo
/etc/yum.repos.d/beaker-tasks.repo
/etc/yum.repos.d/qa-tools.repo
/etc/yum.repos.d/redhat.repo
/etc/yum.repos.d/rhel7-staging.repo
/etc/yum.repos.d/rhel-debuginfo.repo
/etc/yum.repos.d/rhel.repo
/etc/yum.repos.d/rhel-source.repo
/etc/yum.repos.d/updates.repo
/etc/yum/version-groups.conf
/etc/yum/yum-cron.conf
/etc/yum/yum-cron-hourly.conf
/free
/hostname
/installed-rpms
/ip_addr
/lib/
/lib/modules/*
/lib/sysctl.d/
/lib/sysctl.d/00-system.conf
/lib/sysctl.d/50-default.conf
/lsmod
/lspci
/mount
/proc/
/proc/buddyinfo
/proc/bus/
/proc/bus/pci/
/proc/bus/pci/00/
/proc/bus/pci/00/00.0
/proc/bus/pci/00/01.0
/proc/bus/pci/00/01.1
/proc/bus/pci/00/01.2
/proc/bus/pci/00/01.3
/proc/bus/pci/00/02.0
/proc/bus/pci/00/03.0
/proc/bus/pci/00/04.0
/proc/bus/pci/00/05.0
/proc/bus/pci/devices
/proc/cmdline
/proc/cpuinfo
/proc/devices
/proc/dma
/proc/driver/
/proc/driver/nvram
/proc/driver/rtc
/proc/filesystems
/proc/interrupts
/proc/iomem
/proc/ioports
/proc/irq/
/proc/irq/0/
/proc/irq/0/affinity_hint
/proc/irq/0/node
/proc/irq/0/smp_affinity
/proc/irq/0/smp_affinity_list
/proc/irq/0/spurious
/proc/irq/1/
/proc/irq/10/
/proc/irq/10/affinity_hint
/proc/irq/10/node
/proc/irq/10/smp_affinity
/proc/irq/10/smp_affinity_list
/proc/irq/10/spurious
/proc/irq/11/
/proc/irq/11/affinity_hint
/proc/irq/11/node
/proc/irq/11/smp_affinity
/proc/irq/11/smp_affinity_list
/proc/irq/11/spurious
/proc/irq/12/
/proc/irq/12/affinity_hint
/proc/irq/12/node
/proc/irq/12/smp_affinity
/proc/irq/12/smp_affinity_list
/proc/irq/12/spurious
/proc/irq/13/
/proc/irq/13/affinity_hint
/proc/irq/13/node
/proc/irq/13/smp_affinity
/proc/irq/13/smp_affinity_list
/proc/irq/13/spurious
/proc/irq/14/
/proc/irq/14/affinity_hint
/proc/irq/14/node
/proc/irq/14/smp_affinity
/proc/irq/14/smp_affinity_list
/proc/irq/14/spurious
/proc/irq/15/
/proc/irq/15/affinity_hint
/proc/irq/15/node
/proc/irq/15/smp_affinity
/proc/irq/15/smp_affinity_list
/proc/irq/15/spurious
/proc/irq/1/affinity_hint
/proc/irq/1/node
/proc/irq/1/smp_affinity
/proc/irq/1/smp_affinity_list
/proc/irq/1/spurious
/proc/irq/2/
/proc/irq/24/
/proc/irq/24/affinity_hint
/proc/irq/24/node
/proc/irq/24/smp_affinity
/proc/irq/24/smp_affinity_list
/proc/irq/24/spurious
/proc/irq/25/
/proc/irq/25/affinity_hint
/proc/irq/25/node
/proc/irq/25/smp_affinity
/proc/irq/25/smp_affinity_list
/proc/irq/25/spurious
/proc/irq/26/
/proc/irq/26/affinity_hint
/proc/irq/26/node
/proc/irq/26/smp_affinity
/proc/irq/26/smp_affinity_list
/proc/irq/26/spurious
/proc/irq/27/
/proc/irq/27/affinity_hint
/proc/irq/27/node
/proc/irq/27/smp_affinity
/proc/irq/27/smp_affinity_list
/proc/irq/27/spurious
/proc/irq/28/
/proc/irq/28/affinity_hint
/proc/irq/28/node
/proc/irq/28/smp_affinity
/proc/irq/28/smp_affinity_list
/proc/irq/28/spurious
/proc/irq/2/affinity_hint
/proc/irq/2/node
/proc/irq/2/smp_affinity
/proc/irq/2/smp_affinity_list
/proc/irq/2/spurious
/proc/irq/3/
/proc/irq/3/affinity_hint
/proc/irq/3/node
/proc/irq/3/smp_affinity
/proc/irq/3/smp_affinity_list
/proc/irq/3/spurious
/proc/irq/4/
/proc/irq/4/affinity_hint
/proc/irq/4/node
/proc/irq/4/smp_affinity
/proc/irq/4/smp_affinity_list
/proc/irq/4/spurious
/proc/irq/5/
/proc/irq/5/affinity_hint
/proc/irq/5/node
/proc/irq/5/smp_affinity
/proc/irq/5/smp_affinity_list
/proc/irq/5/spurious
/proc/irq/6/
/proc/irq/6/affinity_hint
/proc/irq/6/node
/proc/irq/6/smp_affinity
/proc/irq/6/smp_affinity_list
/proc/irq/6/spurious
/proc/irq/7/
/proc/irq/7/affinity_hint
/proc/irq/7/node
/proc/irq/7/smp_affinity
/proc/irq/7/smp_affinity_list
/proc/irq/7/spurious
/proc/irq/8/
/proc/irq/8/affinity_hint
/proc/irq/8/node
/proc/irq/8/smp_affinity
/proc/irq/8/smp_affinity_list
/proc/irq/8/spurious
/proc/irq/9/
/proc/irq/9/affinity_hint
/proc/irq/9/node
/proc/irq/9/smp_affinity
/proc/irq/9/smp_affinity_list
/proc/irq/9/spurious
/proc/irq/default_smp_affinity
/proc/kallsyms
/proc/locks
/proc/meminfo
/proc/misc
/proc/modules
/proc/mounts
/proc/net/
/proc/net/anycast6
/proc/net/arp
/proc/net/connector
/proc/net/dev
/proc/net/dev_mcast
/proc/net/dev_snmp6/
/proc/net/dev_snmp6/ens3
/proc/net/dev_snmp6/lo
/proc/net/fib_trie
/proc/net/fib_triestat
/proc/net/icmp
/proc/net/if_inet6
/proc/net/igmp
/proc/net/igmp6
/proc/net/ip6_flowlabel
/proc/net/ip6_mr_cache
/proc/net/ip6_mr_vif
/proc/net/ip_mr_cache
/proc/net/ip_mr_vif
/proc/net/ip_tables_matches
/proc/net/ip_tables_names
/proc/net/ip_tables_targets
/proc/net/ipv6_route
/proc/net/mcfilter
/proc/net/mcfilter6
/proc/net/netfilter/
/proc/net/netfilter/nf_log
/proc/net/netlink
/proc/net/netstat
/proc/net/nfsfs/
/proc/net/nfsfs/servers
/proc/net/nfsfs/volumes
/proc/net/packet
/proc/net/protocols
/proc/net/psched
/proc/net/ptype
/proc/net/raw
/proc/net/raw6
/proc/net/route
/proc/net/rpc/
/proc/net/rpc/auth.unix.gid/
/proc/net/rpc/auth.unix.gid/content
/proc/net/rpc/auth.unix.ip/
/proc/net/rpc/auth.unix.ip/content
/proc/net/rpc/nfs
/proc/net/rpc/nfs4.idtoname/
/proc/net/rpc/nfs4.idtoname/content
/proc/net/rpc/nfs4.nametoid/
/proc/net/rpc/nfs4.nametoid/content
/proc/net/rpc/nfsd
/proc/net/rpc/nfsd.export/
/proc/net/rpc/nfsd.export/content
/proc/net/rpc/nfsd.fh/
/proc/net/rpc/nfsd.fh/content
/proc/net/rt6_stats
/proc/net/rt_acct
/proc/net/rt_cache
/proc/net/snmp
/proc/net/snmp6
/proc/net/sockstat
/proc/net/sockstat6
/proc/net/softnet_stat
/proc/net/stat/
/proc/net/stat/arp_cache
/proc/net/stat/ndisc_cache
/proc/net/stat/rt_cache
/proc/net/tcp
/proc/net/tcp6
/proc/net/udp
/proc/net/udp6
/proc/net/udplite
/proc/net/udplite6
/proc/net/unix
/proc/net/wireless
/proc/net/xfrm_stat
/proc/pagetypeinfo
/proc/sched_debug
/proc/self/
/proc/self/mountinfo
/proc/self/mounts
/proc/self/mountstats
/proc/slabinfo
/proc/softirqs
/proc/stat
/proc/swaps
/proc/sys/
/proc/sys/kernel/*
/proc/timer_list
/proc/timer_stats
/proc/vmallocinfo
/proc/vmstat
/proc/zoneinfo
/ps
/pstree
/root/
/root/anaconda-ks.cfg
/sos_commands/
/sos_commands/auditd/
/sos_commands/auditd/ausearch_--input-logs_-m_avc_user_avc_-ts_today
/sos_commands/boot/
/sos_commands/boot/lsinitrd
/sos_commands/boot/ls_-lanR_.boot
/sos_commands/cron/
/sos_commands/cron/root_crontab
/sos_commands/devicemapper/
/sos_commands/devicemapper/dmsetup_info_-c
/sos_commands/devicemapper/dmsetup_ls_--tree
/sos_commands/devicemapper/dmsetup_status
/sos_commands/devicemapper/dmsetup_table
/sos_commands/filesys/
/sos_commands/filesys/df_-al
/sos_commands/filesys/df_-ali
/sos_commands/filesys/dumpe2fs_-h_.dev.mapper.VolGroup00-LogVol00
/sos_commands/filesys/dumpe2fs_-h_.dev.vda2_.boot
/sos_commands/filesys/findmnt
/sos_commands/filesys/mount_-l
/sos_commands/general/
/sos_commands/general/date
/sos_commands/general/hostname
/sos_commands/general/hostname_-f
/sos_commands/general/uptime
/sos_commands/grub2/
/sos_commands/grub2/ls_-lanR_.boot
/sos_commands/hardware/
/sos_commands/hardware/dmidecode
/sos_commands/kernel/
/sos_commands/kernel/dmesg
/sos_commands/kernel/find_.lib.modules
/sos_commands/kernel/lsmod
/sos_commands/kernel/modinfo_vt_drm_hid_lrw_nfs_tpm_ttm_ghash_clmulni_intel_8250_tcp_cubic_acpi_ext4_jbd2_ipv6_nfsd_i2c_core_syscopyarea_scsi_dh_alua_scsi_dh_rdac_cpuidle_serio_raw_rcutree_rpcsec_gss_krb5_crct10dif_common_dns_resolver_block_i8042_grace_auth_rpcgss_lockd_nfsv3
/sos_commands/kernel/sysctl_-a
/sos_commands/kernel/uname_-a
/sos_commands/libraries/
/sos_commands/libraries/ldconfig_-p_-N_-X
/sos_commands/logs/
/sos_commands/logs/journalctl_--all_--this-boot_--no-pager
/sos_commands/logs/journalctl_--all_--this-boot_--no-pager_-o_verbose
/sos_commands/lvm2/
/sos_commands/lvm2/lvs_-a_-o_lv_tags_devices_--config_global_locking_type_0
/sos_commands/lvm2/pvs_-a_-v_-o_pv_mda_free_pv_mda_size_pv_mda_count_pv_mda_used_count_pe_start_--config_global_locking_type_0
/sos_commands/lvm2/pvscan_-v_--config_global_locking_type_0
/sos_commands/lvm2/vgdisplay_-vv_--config_global_locking_type_0
/sos_commands/lvm2/vgscan_-vvv_--config_global_locking_type_0
/sos_commands/lvm2/vgs_-v_-o_vg_mda_count_vg_mda_free_vg_mda_size_vg_mda_used_count_vg_tags_--config_global_locking_type_0
/sos_commands/memory/
/sos_commands/memory/free
/sos_commands/memory/free_-m
/sos_commands/memory/swapon_--bytes_--show
/sos_commands/networking/
/sos_commands/networking/biosdevname_-d
/sos_commands/networking/ethtool_-a_ens3
/sos_commands/networking/ethtool_-c_ens3
/sos_commands/networking/ethtool_ens3
/sos_commands/networking/ethtool_-g_ens3
/sos_commands/networking/ethtool_-i_ens3
/sos_commands/networking/ethtool_-k_ens3
/sos_commands/networking/ethtool_-S_ens3
/sos_commands/networking/ethtool_-T_ens3
/sos_commands/networking/ifenslave_-a
/sos_commands/networking/ip_-4_rule
/sos_commands/networking/ip_-6_route_show_table_all
/sos_commands/networking/ip_-6_rule
/sos_commands/networking/ip_address
/sos_commands/networking/ip_link
/sos_commands/networking/ip_maddr_show
/sos_commands/networking/ip_mroute_show
/sos_commands/networking/ip_neigh_show
/sos_commands/networking/ip_neigh_show_nud_noarp
/sos_commands/networking/ip_netns
/sos_commands/networking/ip_-o_addr
/sos_commands/networking/ip_route_show_table_all
/sos_commands/networking/iptables_-t_filter_-nvL
/sos_commands/networking/iptables_-vnxL
/sos_commands/networking/nmcli_connection_show
/sos_commands/networking/nmcli_connection_show_active
/sos_commands/networking/nmcli_con_show_conf_ens3
/sos_commands/networking/nmcli_device_show
/sos_commands/networking/nmcli_device_show_ens3
/sos_commands/networking/nmcli_device_show_lo
/sos_commands/networking/nmcli_device_status
/sos_commands/networking/nmcli_general_status
/sos_commands/networking/tc_-s_qdisc_show
/sos_commands/nfsserver/
/sos_commands/nfsserver/exportfs_-v
/sos_commands/nfsserver/nfsstat_-o_all
/sos_commands/nfsserver/rpcinfo_-p_localhost
/sos_commands/pam/
/sos_commands/pam/faillock
/sos_commands/pam/ls_-lanF_.lib_.security
/sos_commands/pam/pam_tally2
/sos_commands/pci/
/sos_commands/pci/lspci
/sos_commands/pci/lspci_-nvv
/sos_commands/pci/lspci_-tv
/sos_commands/process/
/sos_commands/processor/
/sos_commands/processor/cpupower_frequency-info
/sos_commands/processor/cpupower_idle-info
/sos_commands/processor/cpupower_info
/sos_commands/processor/lscpu
/sos_commands/process/ps_alxwww
/sos_commands/process/ps_auxwww
/sos_commands/process/ps_auxwwwm
/sos_commands/process/ps_axo_flags_state_uid_pid_ppid_pgid_sid_cls_pri_addr_sz_wchan_stime_tty_time_cmd
/sos_commands/process/ps_axo_pid_ppid_user_group_lwp_nlwp_start_time_comm_cgroup
/sos_commands/process/pstree
/sos_commands/rpm/
/sos_commands/rpm/sh_-c_rpm_--nodigest_-qa_--qf_NAME_-_VERSION_-_RELEASE_._ARCH_INSTALLTIME_date_INSTALLTIME_VENDOR_BUILDHOST_SIGPGP_SIGPGP_pgpsig_awk_-F_printf_-59s_s_n_1_2_sort
/sos_commands/selinux/
/sos_commands/selinux/selinuxconlist_root
/sos_commands/selinux/selinuxdefcon_root
/sos_commands/selinux/selinuxexeccon_.bin.passwd
/sos_commands/selinux/semanage_-o
/sos_commands/selinux/semodule_-l
/sos_commands/selinux/sestatus_-b
/sos_commands/services/
/sos_commands/services/chkconfig_--list
/sos_commands/services/ls_.var.lock.subsys
/sos_commands/services/runlevel
/sos_commands/yum/
/sos_commands/yum/rhsm-debug_system
/sos_commands/yum/subscription-manager_list_--consumed
/sos_commands/yum/subscription-manager_list_--installed
/sos_commands/yum/yum_-C_repolist
/sos_logs/
/sos_logs/sos.log
/sos_logs/ui.log
/sos_reports/
/sos_reports/sos.html
/sos_reports/sos.txt
/sys/
/sys/class/*
/sys/devices/
/sys/devices/system/
/sys/devices/system/cpu/*
/sys/firmware/*
/sys/kernel/*
/sys/module/*
/uname
/uptime
/usr/
/usr/sbin/
/usr/sbin/ifdown
/usr/sbin/ifup
/usr/share/
/usr/share/zoneinfo/
/usr/share/zoneinfo/America/
/usr/share/zoneinfo/America/New_York
/var/
/var/lib/
/var/lib/nfs/
/var/lib/nfs/etab
/var/lib/nfs/rmtab
/var/lib/nfs/xtab
/var/log/
/var/log/anaconda/
/var/log/anaconda/anaconda.ifcfg.log
/var/log/anaconda/anaconda.log
/var/log/anaconda/anaconda.packaging.log
/var/log/anaconda/anaconda.program.log
/var/log/anaconda/anaconda.storage.log
/var/log/anaconda/ks-script-8gwRI0.log
/var/log/anaconda/syslog
/var/log/audit/
/var/log/audit/audit.log
/var/log/boot.log
/var/log/cron
/var/log/dmesg
/var/log/messages
/var/log/messages-20150907
/var/log/messages-20151016
/var/log/rhsm/
/var/log/rhsm/rhsmcertd.log
/var/log/rhsm/rhsm.log
/var/log/secure
/var/log/secure-20150907
/var/log/secure-20151016
/var/log/yum.log
/version.txt
/vgdisplay
